// Jest Snapshot v1, https://goo.gl/fbAQLP

exports[`<EmailForm /> test snapshot test for EmailForm component 1`] = `
<h3>
  Mailer Service
</h3>
`;
