// Jest Snapshot v1, https://goo.gl/fbAQLP

exports[`<ErrorMessage /> test snapshot test for ErrorMessage component 1`] = `
<p
  class="message"
>
  test message
</p>
`;
